// Jest Snapshot v1, https://goo.gl/fbAQLP

exports[`renders correctly 1`] = `
<div
  className="homeDiv"
>
  <h1
    className="homeH1"
  >
    Welcome to my Math Magicians website!
  </h1>
  <div
    className="homeParas"
  >
    <p
      className="homeP"
    >
      Lorem ipsum dolor sit, amet consectetur adipisicing elit. Facilis minima explicabo ex laboriosam vitae quas repudiandae culpa quam labore omnis est, laudantium enim in nulla eius inventore neque odit eum! Lorem ipsum dolor sit, amet consectetur adipisicing elit. Facilis minima explicabo ex laboriosam vitae quas repudiandae culpa quam labore omnis est, laudantium enim in nulla eius inventore neque odit eum! Lorem ipsum dolor sit, amet consectetur adipisicing elit. Facilis minima explicabo ex laboriosam vitae quas repudiandae culpa quam labore omnis est, laudantium enim in nulla eius inventore neque odit eum! Lorem ipsum dolor sit, amet consectetur adipisicing elit. Facilis minima explicabo ex laboriosam vitae quas repudiandae culpa quam labore omnis est, laudantium enim in nulla eius inventore neque odit eum!
    </p>
    <p
      className="homeP"
    >
      Lorem ipsum dolor sit, amet consectetur adipisicing elit. Facilis minima explicabo ex laboriosam vitae quas repudiandae culpa quam labore omnis est, laudantium enim in nulla eius inventore neque odit eum! Lorem ipsum dolor sit, amet consectetur adipisicing elit. Facilis minima explicabo ex laboriosam vitae quas repudiandae culpa quam labore omnis est, laudantium enim in nulla eius inventore neque odit eum! Lorem ipsum dolor sit, amet consectetur adipisicing elit. Facilis minima explicabo ex laboriosam vitae quas repudiandae culpa quam labore omnis est, laudantium enim in nulla eius inventore neque odit eum! Lorem ipsum dolor sit, amet consectetur adipisicing elit. Facilis minima explicabo ex laboriosam vitae quas repudiandae culpa quam labore omnis est, laudantium enim in nulla eius inventore neque odit eum!
    </p>
  </div>
</div>
`;
